// Jest Snapshot v1, https://goo.gl/fbAQLP

exports[`App renders correctly 1`] = `
<DocumentFragment>
  <div
    class="App"
  >
    <p>
      User Database!
    </p>
    <br />
    <div>
      <p>
        Here are all the current users (this list from the API does not update):
      </p>
      <br />
      <table>
        <tbody>
          <tr>
            <th>
              Id
            </th>
            <th>
              First Name
            </th>
            <th>
              Last Name
            </th>
            <th>
              Email
            </th>
          </tr>
          <tr>
            <td>
              1
            </td>
            <td>
              Michael
            </td>
            <td>
              Lawson
            </td>
            <td>
              michael.lawson@reqres.in
            </td>
          </tr>
          <tr>
            <td>
              2
            </td>
            <td>
              Lindsay
            </td>
            <td>
              Ferguson
            </td>
            <td>
              lindsay.ferguson@reqres.in
            </td>
          </tr>
          <tr>
            <td>
              3
            </td>
            <td>
              Tobias
            </td>
            <td>
              Funke
            </td>
            <td>
              tobias.funke@reqres.in
            </td>
          </tr>
          <tr>
            <td>
              4
            </td>
            <td>
              Byron
            </td>
            <td>
              Fields
            </td>
            <td>
              byron.fields@reqres.in
            </td>
          </tr>
          <tr>
            <td>
              5
            </td>
            <td>
              George
            </td>
            <td>
              Edwards
            </td>
            <td>
              george.edwards@reqres.in
            </td>
          </tr>
          <tr>
            <td>
              6
            </td>
            <td>
              Rachel
            </td>
            <td>
              Howell
            </td>
            <td>
              rachel.howell@reqres.in
            </td>
          </tr>
        </tbody>
      </table>
    </div>
    <div>
      <button
        class="MuiButtonBase-root MuiButton-root MuiButton-text MuiButton-textPrimary MuiButton-sizeMedium MuiButton-textSizeMedium MuiButton-root MuiButton-text MuiButton-textPrimary MuiButton-sizeMedium MuiButton-textSizeMedium css-1e6y48t-MuiButtonBase-root-MuiButton-root"
        tabindex="0"
        type="button"
      >
        Add User
        <span
          class="MuiTouchRipple-root css-8je8zh-MuiTouchRipple-root"
        />
      </button>
    </div>
    <div>
      <button
        class="MuiButtonBase-root MuiButton-root MuiButton-text MuiButton-textPrimary MuiButton-sizeMedium MuiButton-textSizeMedium MuiButton-root MuiButton-text MuiButton-textPrimary MuiButton-sizeMedium MuiButton-textSizeMedium css-1e6y48t-MuiButtonBase-root-MuiButton-root"
        tabindex="0"
        type="button"
      >
        Remove User
      </button>
    </div>
    <br />
  </div>
</DocumentFragment>
`;
